> db.order.find().sort({"_id":-1});
{ "_id" : ObjectId("5d85cbddb51e78fe3f4be211"), "custid" : 4, "custname" : "Ankit", "productdetials" : [ { "productid" : 101, "orderid" : 1004, "prize" : 560, "productquantity" : 10, "productname" : "OperatingSystem" } ] }
{ "_id" : ObjectId("5d81bf336b0d1a1abd8bf5e3"), "custid" : 20, "custname" : "JKLM" }
{ "_id" : ObjectId("5d81bceaa6352f4ec04287c9"), "custid" : 3, "custname" : "Piyush", "productdetails" : [ { "productid" : 101, "orderid" : 1001, "prize" : 300, "productquantity" : 10, "productname" : "Pen" }, { "productid" : 102, "orderid" : 1002, "prize" : 500, "productqunatity" : 10, "productname" : "Notebooks" } ] }
{ "_id" : ObjectId("5d81b4e5a6352f4ec04287bf"), "custid" : 1, "custname" : "Darshan", "productdetails" : [ { "productid" : 101, "orderid" : 1001, "prize" : 300, "productquantity" : 10, "productname" : "Pen" }, { "productid" : 102, "orderid" : 1002, "prize" : 500, "productqunatity" : 10, "productname" : "Notebooks" } ] }
{ "_id" : 1001, "custid" : 2, "custname" : "Ashwin", "productdetails" : [ { "productid" : 101, "orderid" : 1001, "prize" : 300, "productquantity" : 10, "productname" : "Pen" }, { "productid" : 102, "orderid" : 1002, "prize" : 500, "productqunatity" : 10, "productname" : "Notebooks" } ] }
> db.order.find().sort({"_id":-1}).pretty();
{
	"_id" : ObjectId("5d85cbddb51e78fe3f4be211"),
	"custid" : 4,
	"custname" : "Ankit",
	"productdetials" : [
		{
			"productid" : 101,
			"orderid" : 1004,
			"prize" : 560,
			"productquantity" : 10,
			"productname" : "OperatingSystem"
		}
	]
}
{
	"_id" : ObjectId("5d81bf336b0d1a1abd8bf5e3"),
	"custid" : 20,
	"custname" : "JKLM"
}
{
	"_id" : ObjectId("5d81bceaa6352f4ec04287c9"),
	"custid" : 3,
	"custname" : "Piyush",
	"productdetails" : [
		{
			"productid" : 101,
			"orderid" : 1001,
			"prize" : 300,
			"productquantity" : 10,
			"productname" : "Pen"
		},
		{
			"productid" : 102,
			"orderid" : 1002,
			"prize" : 500,
			"productqunatity" : 10,
			"productname" : "Notebooks"
		}
	]
}
{
	"_id" : ObjectId("5d81b4e5a6352f4ec04287bf"),
	"custid" : 1,
	"custname" : "Darshan",
	"productdetails" : [
		{
			"productid" : 101,
			"orderid" : 1001,
			"prize" : 300,
			"productquantity" : 10,
			"productname" : "Pen"
		},
		{
			"productid" : 102,
			"orderid" : 1002,
			"prize" : 500,
			"productqunatity" : 10,
			"productname" : "Notebooks"
		}
	]
}
{
	"_id" : 1001,
	"custid" : 2,
	"custname" : "Ashwin",
	"productdetails" : [
		{
			"productid" : 101,
			"orderid" : 1001,
			"prize" : 300,
			"productquantity" : 10,
			"productname" : "Pen"
		},
		{
			"productid" : 102,
			"orderid" : 1002,
			"prize" : 500,
			"productqunatity" : 10,
			"productname" : "Notebooks"
		}
	]
}
> db.order.find().sort({"custid":-1}).pretty();
{
	"_id" : ObjectId("5d81bf336b0d1a1abd8bf5e3"),
	"custid" : 20,
	"custname" : "JKLM"
}
{
	"_id" : ObjectId("5d85cbddb51e78fe3f4be211"),
	"custid" : 4,
	"custname" : "Ankit",
	"productdetials" : [
		{
			"productid" : 101,
			"orderid" : 1004,
			"prize" : 560,
			"productquantity" : 10,
			"productname" : "OperatingSystem"
		}
	]
}
{
	"_id" : ObjectId("5d81bceaa6352f4ec04287c9"),
	"custid" : 3,
	"custname" : "Piyush",
	"productdetails" : [
		{
			"productid" : 101,
			"orderid" : 1001,
			"prize" : 300,
			"productquantity" : 10,
			"productname" : "Pen"
		},
		{
			"productid" : 102,
			"orderid" : 1002,
			"prize" : 500,
			"productqunatity" : 10,
			"productname" : "Notebooks"
		}
	]
}
{
	"_id" : 1001,
	"custid" : 2,
	"custname" : "Ashwin",
	"productdetails" : [
		{
			"productid" : 101,
			"orderid" : 1001,
			"prize" : 300,
			"productquantity" : 10,
			"productname" : "Pen"
		},
		{
			"productid" : 102,
			"orderid" : 1002,
			"prize" : 500,
			"productqunatity" : 10,
			"productname" : "Notebooks"
		}
	]
}
{
	"_id" : ObjectId("5d81b4e5a6352f4ec04287bf"),
	"custid" : 1,
	"custname" : "Darshan",
	"productdetails" : [
		{
			"productid" : 101,
			"orderid" : 1001,
			"prize" : 300,
			"productquantity" : 10,
			"productname" : "Pen"
		},
		{
			"productid" : 102,
			"orderid" : 1002,
			"prize" : 500,
			"productqunatity" : 10,
			"productname" : "Notebooks"
		}
	]
}
> db.order.find().limit(2);
{ "_id" : ObjectId("5d81b4e5a6352f4ec04287bf"), "custid" : 1, "custname" : "Darshan", "productdetails" : [ { "productid" : 101, "orderid" : 1001, "prize" : 300, "productquantity" : 10, "productname" : "Pen" }, { "productid" : 102, "orderid" : 1002, "prize" : 500, "productqunatity" : 10, "productname" : "Notebooks" } ] }
{ "_id" : 1001, "custid" : 2, "custname" : "Ashwin", "productdetails" : [ { "productid" : 101, "orderid" : 1001, "prize" : 300, "productquantity" : 10, "productname" : "Pen" }, { "productid" : 102, "orderid" : 1002, "prize" : 500, "productqunatity" : 10, "productname" : "Notebooks" } ] }
> db.order.find().limit(2).pretty();
{
	"_id" : ObjectId("5d81b4e5a6352f4ec04287bf"),
	"custid" : 1,
	"custname" : "Darshan",
	"productdetails" : [
		{
			"productid" : 101,
			"orderid" : 1001,
			"prize" : 300,
			"productquantity" : 10,
			"productname" : "Pen"
		},
		{
			"productid" : 102,
			"orderid" : 1002,
			"prize" : 500,
			"productqunatity" : 10,
			"productname" : "Notebooks"
		}
	]
}
{
	"_id" : 1001,
	"custid" : 2,
	"custname" : "Ashwin",
	"productdetails" : [
		{
			"productid" : 101,
			"orderid" : 1001,
			"prize" : 300,
			"productquantity" : 10,
			"productname" : "Pen"
		},
		{
			"productid" : 102,
			"orderid" : 1002,
			"prize" : 500,
			"productqunatity" : 10,
			"productname" : "Notebooks"
		}
	]
}
> db.order.find().skip(2).pretty();
{
	"_id" : ObjectId("5d81bceaa6352f4ec04287c9"),
	"custid" : 3,
	"custname" : "Piyush",
	"productdetails" : [
		{
			"productid" : 101,
			"orderid" : 1001,
			"prize" : 300,
			"productquantity" : 10,
			"productname" : "Pen"
		},
		{
			"productid" : 102,
			"orderid" : 1002,
			"prize" : 500,
			"productqunatity" : 10,
			"productname" : "Notebooks"
		}
	]
}
{
	"_id" : ObjectId("5d81bf336b0d1a1abd8bf5e3"),
	"custid" : 20,
	"custname" : "JKLM"
}
{
	"_id" : ObjectId("5d85cbddb51e78fe3f4be211"),
	"custid" : 4,
	"custname" : "Ankit",
	"productdetials" : [
		{
			"productid" : 101,
			"orderid" : 1004,
			"prize" : 560,
			"productquantity" : 10,
			"productname" : "OperatingSystem"
		}
	]
}
> db.order.find({custid:{$gt:2}}).limit(1).skip(1).pretty();
{
	"_id" : ObjectId("5d81bf336b0d1a1abd8bf5e3"),
	"custid" : 20,
	"custname" : "JKLM"
}
> db.order.find({custid:{$lt21,$gt:3}}).limit(2).skip(1).pretty();
2019-09-23T12:17:50.172+0530 E QUERY    [js] ReferenceError: $lt21 is not defined :
@(shell):1:24
> db.order.find({custid:{$lt:21,$gt:3}}).limit(2).skip(1).pretty();
{
	"_id" : ObjectId("5d85cbddb51e78fe3f4be211"),
	"custid" : 4,
	"custname" : "Ankit",
	"productdetials" : [
		{
			"productid" : 101,
			"orderid" : 1004,
			"prize" : 560,
			"productquantity" : 10,
			"productname" : "OperatingSystem"
		}
	]
}
> db.order.find().sort("productdetails.productid":-1).pretty();
2019-09-23T12:20:14.319+0530 E QUERY    [js] SyntaxError: missing ) after argument list @(shell):1:47
> db.order.find().sort({"productdetails.productid":-1}).pretty();
{
	"_id" : ObjectId("5d81b4e5a6352f4ec04287bf"),
	"custid" : 1,
	"custname" : "Darshan",
	"productdetails" : [
		{
			"productid" : 101,
			"orderid" : 1001,
			"prize" : 300,
			"productquantity" : 10,
			"productname" : "Pen"
		},
		{
			"productid" : 102,
			"orderid" : 1002,
			"prize" : 500,
			"productqunatity" : 10,
			"productname" : "Notebooks"
		}
	]
}
{
	"_id" : 1001,
	"custid" : 2,
	"custname" : "Ashwin",
	"productdetails" : [
		{
			"productid" : 101,
			"orderid" : 1001,
			"prize" : 300,
			"productquantity" : 10,
			"productname" : "Pen"
		},
		{
			"productid" : 102,
			"orderid" : 1002,
			"prize" : 500,
			"productqunatity" : 10,
			"productname" : "Notebooks"
		}
	]
}
{
	"_id" : ObjectId("5d81bceaa6352f4ec04287c9"),
	"custid" : 3,
	"custname" : "Piyush",
	"productdetails" : [
		{
			"productid" : 101,
			"orderid" : 1001,
			"prize" : 300,
			"productquantity" : 10,
			"productname" : "Pen"
		},
		{
			"productid" : 102,
			"orderid" : 1002,
			"prize" : 500,
			"productqunatity" : 10,
			"productname" : "Notebooks"
		}
	]
}
{
	"_id" : ObjectId("5d81bf336b0d1a1abd8bf5e3"),
	"custid" : 20,
	"custname" : "JKLM"
}
{
	"_id" : ObjectId("5d85cbddb51e78fe3f4be211"),
	"custid" : 4,
	"custname" : "Ankit",
	"productdetials" : [
		{
			"productid" : 101,
			"orderid" : 1004,
			"prize" : 560,
			"productquantity" : 10,
			"productname" : "OperatingSystem"
		}
	]
}
> db.order.find().sort({"productdetails.prize":-1}).pretty();
{
	"_id" : ObjectId("5d81b4e5a6352f4ec04287bf"),
	"custid" : 1,
	"custname" : "Darshan",
	"productdetails" : [
		{
			"productid" : 101,
			"orderid" : 1001,
			"prize" : 300,
			"productquantity" : 10,
			"productname" : "Pen"
		},
		{
			"productid" : 102,
			"orderid" : 1002,
			"prize" : 500,
			"productqunatity" : 10,
			"productname" : "Notebooks"
		}
	]
}
{
	"_id" : 1001,
	"custid" : 2,
	"custname" : "Ashwin",
	"productdetails" : [
		{
			"productid" : 101,
			"orderid" : 1001,
			"prize" : 300,
			"productquantity" : 10,
			"productname" : "Pen"
		},
		{
			"productid" : 102,
			"orderid" : 1002,
			"prize" : 500,
			"productqunatity" : 10,
			"productname" : "Notebooks"
		}
	]
}
{
	"_id" : ObjectId("5d81bceaa6352f4ec04287c9"),
	"custid" : 3,
	"custname" : "Piyush",
	"productdetails" : [
		{
			"productid" : 101,
			"orderid" : 1001,
			"prize" : 300,
			"productquantity" : 10,
			"productname" : "Pen"
		},
		{
			"productid" : 102,
			"orderid" : 1002,
			"prize" : 500,
			"productqunatity" : 10,
			"productname" : "Notebooks"
		}
	]
}
{
	"_id" : ObjectId("5d81bf336b0d1a1abd8bf5e3"),
	"custid" : 20,
	"custname" : "JKLM"
}
{
	"_id" : ObjectId("5d85cbddb51e78fe3f4be211"),
	"custid" : 4,
	"custname" : "Ankit",
	"productdetials" : [
		{
			"productid" : 101,
			"orderid" : 1004,
			"prize" : 560,
			"productquantity" : 10,
			"productname" : "OperatingSystem"
		}
	]
}
> db.order.find().sort({"productdetails.orderid":-1}).pretty();
{
	"_id" : ObjectId("5d81b4e5a6352f4ec04287bf"),
	"custid" : 1,
	"custname" : "Darshan",
	"productdetails" : [
		{
			"productid" : 101,
			"orderid" : 1001,
			"prize" : 300,
			"productquantity" : 10,
			"productname" : "Pen"
		},
		{
			"productid" : 102,
			"orderid" : 1002,
			"prize" : 500,
			"productqunatity" : 10,
			"productname" : "Notebooks"
		}
	]
}
{
	"_id" : 1001,
	"custid" : 2,
	"custname" : "Ashwin",
	"productdetails" : [
		{
			"productid" : 101,
			"orderid" : 1001,
			"prize" : 300,
			"productquantity" : 10,
			"productname" : "Pen"
		},
		{
			"productid" : 102,
			"orderid" : 1002,
			"prize" : 500,
			"productqunatity" : 10,
			"productname" : "Notebooks"
		}
	]
}
{
	"_id" : ObjectId("5d81bceaa6352f4ec04287c9"),
	"custid" : 3,
	"custname" : "Piyush",
	"productdetails" : [
		{
			"productid" : 101,
			"orderid" : 1001,
			"prize" : 300,
			"productquantity" : 10,
			"productname" : "Pen"
		},
		{
			"productid" : 102,
			"orderid" : 1002,
			"prize" : 500,
			"productqunatity" : 10,
			"productname" : "Notebooks"
		}
	]
}
{
	"_id" : ObjectId("5d81bf336b0d1a1abd8bf5e3"),
	"custid" : 20,
	"custname" : "JKLM"
}
{
	"_id" : ObjectId("5d85cbddb51e78fe3f4be211"),
	"custid" : 4,
	"custname" : "Ankit",
	"productdetials" : [
		{
			"productid" : 101,
			"orderid" : 1004,
			"prize" : 560,
			"productquantity" : 10,
			"productname" : "OperatingSystem"
		}
	]
}
> db.order.find().sort({"custid":-1}).pretty();
{
	"_id" : ObjectId("5d81bf336b0d1a1abd8bf5e3"),
	"custid" : 20,
	"custname" : "JKLM"
}
{
	"_id" : ObjectId("5d85cbddb51e78fe3f4be211"),
	"custid" : 4,
	"custname" : "Ankit",
	"productdetials" : [
		{
			"productid" : 101,
			"orderid" : 1004,
			"prize" : 560,
			"productquantity" : 10,
			"productname" : "OperatingSystem"
		}
	]
}
{
	"_id" : ObjectId("5d81bceaa6352f4ec04287c9"),
	"custid" : 3,
	"custname" : "Piyush",
	"productdetails" : [
		{
			"productid" : 101,
			"orderid" : 1001,
			"prize" : 300,
			"productquantity" : 10,
			"productname" : "Pen"
		},
		{
			"productid" : 102,
			"orderid" : 1002,
			"prize" : 500,
			"productqunatity" : 10,
			"productname" : "Notebooks"
		}
	]
}
{
	"_id" : 1001,
	"custid" : 2,
	"custname" : "Ashwin",
	"productdetails" : [
		{
			"productid" : 101,
			"orderid" : 1001,
			"prize" : 300,
			"productquantity" : 10,
			"productname" : "Pen"
		},
		{
			"productid" : 102,
			"orderid" : 1002,
			"prize" : 500,
			"productqunatity" : 10,
			"productname" : "Notebooks"
		}
	]
}
{
	"_id" : ObjectId("5d81b4e5a6352f4ec04287bf"),
	"custid" : 1,
	"custname" : "Darshan",
	"productdetails" : [
		{
			"productid" : 101,
			"orderid" : 1001,
			"prize" : 300,
			"productquantity" : 10,
			"productname" : "Pen"
		},
		{
			"productid" : 102,
			"orderid" : 1002,
			"prize" : 500,
			"productqunatity" : 10,
			"productname" : "Notebooks"
		}
	]
}
> db.order.find().sort({"productdetails.productname":-1}).pretty();
{
	"_id" : ObjectId("5d81b4e5a6352f4ec04287bf"),
	"custid" : 1,
	"custname" : "Darshan",
	"productdetails" : [
		{
			"productid" : 101,
			"orderid" : 1001,
			"prize" : 300,
			"productquantity" : 10,
			"productname" : "Pen"
		},
		{
			"productid" : 102,
			"orderid" : 1002,
			"prize" : 500,
			"productqunatity" : 10,
			"productname" : "Notebooks"
		}
	]
}
{
	"_id" : 1001,
	"custid" : 2,
	"custname" : "Ashwin",
	"productdetails" : [
		{
			"productid" : 101,
			"orderid" : 1001,
			"prize" : 300,
			"productquantity" : 10,
			"productname" : "Pen"
		},
		{
			"productid" : 102,
			"orderid" : 1002,
			"prize" : 500,
			"productqunatity" : 10,
			"productname" : "Notebooks"
		}
	]
}
{
	"_id" : ObjectId("5d81bceaa6352f4ec04287c9"),
	"custid" : 3,
	"custname" : "Piyush",
	"productdetails" : [
		{
			"productid" : 101,
			"orderid" : 1001,
			"prize" : 300,
			"productquantity" : 10,
			"productname" : "Pen"
		},
		{
			"productid" : 102,
			"orderid" : 1002,
			"prize" : 500,
			"productqunatity" : 10,
			"productname" : "Notebooks"
		}
	]
}
{
	"_id" : ObjectId("5d81bf336b0d1a1abd8bf5e3"),
	"custid" : 20,
	"custname" : "JKLM"
}
{
	"_id" : ObjectId("5d85cbddb51e78fe3f4be211"),
	"custid" : 4,
	"custname" : "Ankit",
	"productdetials" : [
		{
			"productid" : 101,
			"orderid" : 1004,
			"prize" : 560,
			"productquantity" : 10,
			"productname" : "OperatingSystem"
		}
	]
}
> db.order.find({"productdetials.productid":101}).sort({custid:-1}).pretty();
{
	"_id" : ObjectId("5d85cbddb51e78fe3f4be211"),
	"custid" : 4,
	"custname" : "Ankit",
	"productdetials" : [
		{
			"productid" : 101,
			"orderid" : 1004,
			"prize" : 560,
			"productquantity" : 10,
			"productname" : "OperatingSystem"
		}
	]
}
> db.order.find({"productdetials.productid":101},{multi:true}).sort({custid:-1}).pretty();
{ "_id" : ObjectId("5d85cbddb51e78fe3f4be211") }
> db.order.find({"productdetials.productid":101}).sort({custid:-1}).pretty();
{
	"_id" : ObjectId("5d85cbddb51e78fe3f4be211"),
	"custid" : 4,
	"custname" : "Ankit",
	"productdetials" : [
		{
			"productid" : 101,
			"orderid" : 1004,
			"prize" : 560,
			"productquantity" : 10,
			"productname" : "OperatingSystem"
		}
	]
}
> db.order.find().sort({$natural:1}).limit(2);
{ "_id" : ObjectId("5d81b4e5a6352f4ec04287bf"), "custid" : 1, "custname" : "Darshan", "productdetails" : [ { "productid" : 101, "orderid" : 1001, "prize" : 300, "productquantity" : 10, "productname" : "Pen" }, { "productid" : 102, "orderid" : 1002, "prize" : 500, "productqunatity" : 10, "productname" : "Notebooks" } ] }
{ "_id" : 1001, "custid" : 2, "custname" : "Ashwin", "productdetails" : [ { "productid" : 101, "orderid" : 1001, "prize" : 300, "productquantity" : 10, "productname" : "Pen" }, { "productid" : 102, "orderid" : 1002, "prize" : 500, "productqunatity" : 10, "productname" : "Notebooks" } ] }
> db.order.find().sort({$natural:1}).limit(2).pretty();
{
	"_id" : ObjectId("5d81b4e5a6352f4ec04287bf"),
	"custid" : 1,
	"custname" : "Darshan",
	"productdetails" : [
		{
			"productid" : 101,
			"orderid" : 1001,
			"prize" : 300,
			"productquantity" : 10,
			"productname" : "Pen"
		},
		{
			"productid" : 102,
			"orderid" : 1002,
			"prize" : 500,
			"productqunatity" : 10,
			"productname" : "Notebooks"
		}
	]
}
{
	"_id" : 1001,
	"custid" : 2,
	"custname" : "Ashwin",
	"productdetails" : [
		{
			"productid" : 101,
			"orderid" : 1001,
			"prize" : 300,
			"productquantity" : 10,
			"productname" : "Pen"
		},
		{
			"productid" : 102,
			"orderid" : 1002,
			"prize" : 500,
			"productqunatity" : 10,
			"productname" : "Notebooks"
		}
	]
}
> db.order.find().sort({$natural:1}).skip(2).pretty();
{
	"_id" : ObjectId("5d81bceaa6352f4ec04287c9"),
	"custid" : 3,
	"custname" : "Piyush",
	"productdetails" : [
		{
			"productid" : 101,
			"orderid" : 1001,
			"prize" : 300,
			"productquantity" : 10,
			"productname" : "Pen"
		},
		{
			"productid" : 102,
			"orderid" : 1002,
			"prize" : 500,
			"productqunatity" : 10,
			"productname" : "Notebooks"
		}
	]
}
{
	"_id" : ObjectId("5d81bf336b0d1a1abd8bf5e3"),
	"custid" : 20,
	"custname" : "JKLM"
}
{
	"_id" : ObjectId("5d85cbddb51e78fe3f4be211"),
	"custid" : 4,
	"custname" : "Ankit",
	"productdetials" : [
		{
			"productid" : 101,
			"orderid" : 1004,
			"prize" : 560,
			"productquantity" : 10,
			"productname" : "OperatingSystem"
		}
	]
}
> 

